#
# There is insufficient memory for the Java Runtime Environment to continue.
# Native memory allocation (malloc) failed to allocate 1453600 bytes. Error detail: Chunk::new
# Possible reasons:
#   The system is out of physical RAM or swap space
#   This process is running with CompressedOops enabled, and the Java Heap may be blocking the growth of the native heap
# Possible solutions:
#   Reduce memory load on the system
#   Increase physical memory or swap space
#   Check if swap backing store is full
#   Decrease Java heap size (-Xmx/-Xms)
#   Decrease number of Java threads
#   Decrease Java thread stack sizes (-Xss)
#   Set larger code cache with -XX:ReservedCodeCacheSize=
#   JVM is running with Unscaled Compressed Oops mode in which the Java heap is
#     placed in the first 4GB address space. The Java Heap base address is the
#     maximum limit for the native heap growth. Please use -XX:HeapBaseMinAddress
#     to set the Java Heap base and to place the Java Heap above 4GB virtual address.
# This output file may be truncated or incomplete.
#
#  Out of Memory Error (arena.cpp:168), pid=6640, tid=1876
#
# JRE version: OpenJDK Runtime Environment Corretto-21.0.11.10.1 (21.0.11+10) (build 21.0.11+10-LTS)
# Java VM: OpenJDK 64-Bit Server VM Corretto-21.0.11.10.1 (21.0.11+10-LTS, mixed mode, sharing, tiered, compressed oops, compressed class ptrs, g1 gc, windows-amd64)
# No core dump will be written. Minidumps are not enabled by default on client versions of Windows
#

---------------  S U M M A R Y ------------

Command Line: -javaagent:C:\Users\mateu\AppData\Local\Programs\IntelliJ IDEA Community Edition\lib\idea_rt.jar=58621 -Dfile.encoding=UTF-8 -Dsun.stdout.encoding=UTF-8 -Dsun.stderr.encoding=UTF-8 sptech.horticontrol.HorticontrolApplication

Host: AMD Ryzen 7 4800HS with Radeon Graphics        , 16 cores, 7G,  Windows 11 , 64 bit Build 26100 (10.0.26100.8521)
Time: Mon Jun 22 10:17:29 2026 Hora oficial do Brasil elapsed time: 458.442369 seconds (0d 0h 7m 38s)

---------------  T H R E A D  ---------------

Current thread (0x0000023c6f928d90):  JavaThread "C2 CompilerThread0" daemon [_thread_in_native, id=1876, stack(0x00000089d3f00000,0x00000089d4000000) (1024K)]


Current CompileTask:
C2:458443 10468       4       java.io.ObjectOutputStream::writeClassDesc (60 bytes)

Stack: [0x00000089d3f00000,0x00000089d4000000]
Native frames: (J=compiled Java code, j=interpreted, Vv=VM code, C=native code)
V  [jvm.dll+0x6df899]
V  [jvm.dll+0x8bc52b]
V  [jvm.dll+0x8beaba]
V  [jvm.dll+0x8bf193]
V  [jvm.dll+0x28aa16]
V  [jvm.dll+0xc917d]
V  [jvm.dll+0xc96cc]
V  [jvm.dll+0x3c5aec]
V  [jvm.dll+0x392122]
V  [jvm.dll+0x39157a]
V  [jvm.dll+0x252700]
V  [jvm.dll+0x251d22]
V  [jvm.dll+0x1d1bce]
V  [jvm.dll+0x26198a]
V  [jvm.dll+0x25ff15]
V  [jvm.dll+0x3ff815]
V  [jvm.dll+0x8672bd]
V  [jvm.dll+0x6de09d]
C  [ucrtbase.dll+0x2cd30]
C  [KERNEL32.DLL+0x2e957]
C  [ntdll.dll+0x87c1c]


---------------  P R O C E S S  ---------------

Threads class SMR info:
_java_thread_list=0x0000023c789ea800, length=33, elements={
0x0000023c6ef62930, 0x0000023c6ef63540, 0x0000023c6ef6c650, 0x0000023c6ef6e6d0,
0x0000023c6ef712f0, 0x0000023c6ef72510, 0x0000023c6f928d90, 0x0000023c6ef7a220,
0x0000023c6fad5f60, 0x0000023c741aed20, 0x0000023c741af7a0, 0x0000023c74d98680,
0x0000023c74fe54e0, 0x0000023c7520fb30, 0x0000023c777de8e0, 0x0000023c777dd530,
0x0000023c777def70, 0x0000023c777dc180, 0x0000023c777dc810, 0x0000023c777dcea0,
0x0000023c777de250, 0x0000023c76a86440, 0x0000023c76a85090, 0x0000023c76a85db0,
0x0000023c76a86ad0, 0x0000023c76a84a00, 0x0000023c76a85720, 0x0000023c76a83ce0,
0x0000023c76a83650, 0x0000023c76a84370, 0x0000023c7f291840, 0x0000023c7f292560,
0x0000023c7f291ed0
}

Java Threads: ( => current thread )
  0x0000023c6ef62930 JavaThread "Reference Handler"          daemon [_thread_blocked, id=57008, stack(0x00000089d3900000,0x00000089d3a00000) (1024K)]
  0x0000023c6ef63540 JavaThread "Finalizer"                  daemon [_thread_blocked, id=58992, stack(0x00000089d3a00000,0x00000089d3b00000) (1024K)]
  0x0000023c6ef6c650 JavaThread "Signal Dispatcher"          daemon [_thread_blocked, id=47736, stack(0x00000089d3b00000,0x00000089d3c00000) (1024K)]
  0x0000023c6ef6e6d0 JavaThread "Attach Listener"            daemon [_thread_blocked, id=57604, stack(0x00000089d3c00000,0x00000089d3d00000) (1024K)]
  0x0000023c6ef712f0 JavaThread "Service Thread"             daemon [_thread_blocked, id=17892, stack(0x00000089d3d00000,0x00000089d3e00000) (1024K)]
  0x0000023c6ef72510 JavaThread "Monitor Deflation Thread"   daemon [_thread_blocked, id=53432, stack(0x00000089d3e00000,0x00000089d3f00000) (1024K)]
=>0x0000023c6f928d90 JavaThread "C2 CompilerThread0"         daemon [_thread_in_native, id=1876, stack(0x00000089d3f00000,0x00000089d4000000) (1024K)]
  0x0000023c6ef7a220 JavaThread "C1 CompilerThread0"         daemon [_thread_blocked, id=49476, stack(0x00000089d4000000,0x00000089d4100000) (1024K)]
  0x0000023c6fad5f60 JavaThread "Common-Cleaner"             daemon [_thread_blocked, id=56752, stack(0x00000089d4300000,0x00000089d4400000) (1024K)]
  0x0000023c741aed20 JavaThread "Monitor Ctrl-Break"         daemon [_thread_in_native, id=23052, stack(0x00000089d4500000,0x00000089d4600000) (1024K)]
  0x0000023c741af7a0 JavaThread "Notification Thread"        daemon [_thread_blocked, id=53960, stack(0x00000089d4600000,0x00000089d4700000) (1024K)]
  0x0000023c74d98680 JavaThread "RMI TCP Accept-0"           daemon [_thread_in_native, id=16952, stack(0x00000089d5400000,0x00000089d5500000) (1024K)]
  0x0000023c74fe54e0 JavaThread "RMI Scheduler(0)"           daemon [_thread_blocked, id=62352, stack(0x00000089d5600000,0x00000089d5700000) (1024K)]
  0x0000023c7520fb30 JavaThread "JMX server connection timeout 44" daemon [_thread_blocked, id=25500, stack(0x00000089d5700000,0x00000089d5800000) (1024K)]
  0x0000023c777de8e0 JavaThread "mysql-cj-abandoned-connection-cleanup" daemon [_thread_blocked, id=26696, stack(0x00000089d4800000,0x00000089d4900000) (1024K)]
  0x0000023c777dd530 JavaThread "HikariPool-1:housekeeper"   daemon [_thread_blocked, id=14812, stack(0x00000089d5d00000,0x00000089d5e00000) (1024K)]
  0x0000023c777def70 JavaThread "Catalina-utility-1"                [_thread_blocked, id=16088, stack(0x00000089d5900000,0x00000089d5a00000) (1024K)]
  0x0000023c777dc180 JavaThread "Catalina-utility-2"                [_thread_blocked, id=58404, stack(0x00000089d5f00000,0x00000089d6000000) (1024K)]
  0x0000023c777dc810 JavaThread "container-0"                       [_thread_blocked, id=60216, stack(0x00000089d6000000,0x00000089d6100000) (1024K)]
  0x0000023c777dcea0 JavaThread "http-nio-8080-exec-1"       daemon [_thread_blocked, id=59796, stack(0x00000089d5e00000,0x00000089d5f00000) (1024K)]
  0x0000023c777de250 JavaThread "http-nio-8080-exec-2"       daemon [_thread_blocked, id=27184, stack(0x00000089d6100000,0x00000089d6200000) (1024K)]
  0x0000023c76a86440 JavaThread "http-nio-8080-exec-3"       daemon [_thread_blocked, id=51856, stack(0x00000089d6200000,0x00000089d6300000) (1024K)]
  0x0000023c76a85090 JavaThread "http-nio-8080-exec-4"       daemon [_thread_blocked, id=17176, stack(0x00000089d6300000,0x00000089d6400000) (1024K)]
  0x0000023c76a85db0 JavaThread "http-nio-8080-exec-5"       daemon [_thread_blocked, id=59604, stack(0x00000089d6400000,0x00000089d6500000) (1024K)]
  0x0000023c76a86ad0 JavaThread "http-nio-8080-exec-6"       daemon [_thread_blocked, id=25780, stack(0x00000089d6500000,0x00000089d6600000) (1024K)]
  0x0000023c76a84a00 JavaThread "http-nio-8080-exec-7"       daemon [_thread_blocked, id=29676, stack(0x00000089d6600000,0x00000089d6700000) (1024K)]
  0x0000023c76a85720 JavaThread "http-nio-8080-exec-8"       daemon [_thread_blocked, id=34856, stack(0x00000089d6700000,0x00000089d6800000) (1024K)]
  0x0000023c76a83ce0 JavaThread "http-nio-8080-exec-9"       daemon [_thread_blocked, id=58408, stack(0x00000089d6800000,0x00000089d6900000) (1024K)]
  0x0000023c76a83650 JavaThread "http-nio-8080-exec-10"      daemon [_thread_blocked, id=14468, stack(0x00000089d6900000,0x00000089d6a00000) (1024K)]
  0x0000023c76a84370 JavaThread "http-nio-8080-Poller"       daemon [_thread_in_native, id=11280, stack(0x00000089d6a00000,0x00000089d6b00000) (1024K)]
  0x0000023c7f291840 JavaThread "http-nio-8080-Acceptor"     daemon [_thread_in_native, id=34384, stack(0x00000089d6b00000,0x00000089d6c00000) (1024K)]
  0x0000023c7f292560 JavaThread "DestroyJavaVM"                     [_thread_blocked, id=15060, stack(0x00000089d3100000,0x00000089d3200000) (1024K)]
  0x0000023c7f291ed0 JavaThread "RMI TCP Connection(2)-10.11.80.164" daemon [_thread_in_native, id=16380, stack(0x00000089d4700000,0x00000089d4800000) (1024K)]
Total: 33

Other Threads:
  0x0000023c6ef4a940 VMThread "VM Thread"                           [id=55144, stack(0x00000089d3800000,0x00000089d3900000) (1024K)]
  0x0000023c6ef38d30 WatcherThread "VM Periodic Task Thread"        [id=15336, stack(0x00000089d3700000,0x00000089d3800000) (1024K)]
  0x0000023c524bcaa0 WorkerThread "GC Thread#0"                     [id=15388, stack(0x00000089d3200000,0x00000089d3300000) (1024K)]
  0x0000023c74d81110 WorkerThread "GC Thread#1"                     [id=22632, stack(0x00000089d4a00000,0x00000089d4b00000) (1024K)]
  0x0000023c74d82380 WorkerThread "GC Thread#2"                     [id=51604, stack(0x00000089d4b00000,0x00000089d4c00000) (1024K)]
  0x0000023c74d814c0 WorkerThread "GC Thread#3"                     [id=60092, stack(0x00000089d4c00000,0x00000089d4d00000) (1024K)]
  0x0000023c74d81fd0 WorkerThread "GC Thread#4"                     [id=14484, stack(0x00000089d4d00000,0x00000089d4e00000) (1024K)]
  0x0000023c74d80d60 WorkerThread "GC Thread#5"                     [id=22296, stack(0x00000089d4e00000,0x00000089d4f00000) (1024K)]
  0x0000023c74d809b0 WorkerThread "GC Thread#6"                     [id=54104, stack(0x00000089d4f00000,0x00000089d5000000) (1024K)]
  0x0000023c74d81870 WorkerThread "GC Thread#7"                     [id=15604, stack(0x00000089d5000000,0x00000089d5100000) (1024K)]
  0x0000023c74d81c20 WorkerThread "GC Thread#8"                     [id=52748, stack(0x00000089d5100000,0x00000089d5200000) (1024K)]
  0x0000023c746c44a0 WorkerThread "GC Thread#9"                     [id=20776, stack(0x00000089d5200000,0x00000089d5300000) (1024K)]
  0x0000023c746c5ac0 WorkerThread "GC Thread#10"                    [id=53992, stack(0x00000089d5300000,0x00000089d5400000) (1024K)]
  0x0000023c746c3d40 WorkerThread "GC Thread#11"                    [id=54036, stack(0x00000089d4900000,0x00000089d4a00000) (1024K)]
  0x0000023c746c3990 WorkerThread "GC Thread#12"                    [id=31724, stack(0x00000089d5800000,0x00000089d5900000) (1024K)]
  0x0000023c524cc810 ConcurrentGCThread "G1 Main Marker"            [id=59584, stack(0x00000089d3300000,0x00000089d3400000) (1024K)]
  0x0000023c524ce1a0 WorkerThread "G1 Conc#0"                       [id=21404, stack(0x00000089d3400000,0x00000089d3500000) (1024K)]
  0x0000023c746c5360 WorkerThread "G1 Conc#1"                       [id=8128, stack(0x00000089d5a00000,0x00000089d5b00000) (1024K)]
  0x0000023c746c6220 WorkerThread "G1 Conc#2"                       [id=61496, stack(0x00000089d5b00000,0x00000089d5c00000) (1024K)]
  0x0000023c6ee03080 ConcurrentGCThread "G1 Refine#0"               [id=49964, stack(0x00000089d3500000,0x00000089d3600000) (1024K)]
  0x0000023c6ee048c0 ConcurrentGCThread "G1 Service"                [id=26344, stack(0x00000089d3600000,0x00000089d3700000) (1024K)]
Total: 21

Threads with active compile tasks:
C2 CompilerThread0  459507 10468       4       java.io.ObjectOutputStream::writeClassDesc (60 bytes)
Total: 1

VM state: not at safepoint (normal execution)

VM Mutex/Monitor currently owned by a thread: None

Heap address: 0x0000000089400000, size: 1900 MB, Compressed Oops mode: 32-bit

CDS archive(s) mapped at: [0x0000023c00000000-0x0000023c00c80000-0x0000023c00c80000), size 13107200, SharedBaseAddress: 0x0000023c00000000, ArchiveRelocationMode: 1.
Compressed class space mapped at: 0x0000023c01000000-0x0000023c41000000, reserved size: 1073741824
Narrow klass base: 0x0000023c00000000, Narrow klass shift: 0, Narrow klass range: 0x100000000

GC Precious Log:
 CardTable entry size: 512
 Card Set container configuration: InlinePtr #cards 5 size 8 Array Of Cards #cards 12 size 40 Howl #buckets 4 coarsen threshold 1843 Howl Bitmap #cards 512 size 80 coarsen threshold 460 Card regions per heap region 1 cards per card region 2048
 CPUs: 16 total, 16 available
 Memory: 7596M
 Large Page Support: Disabled
 NUMA Support: Disabled
 Compressed Oops: Enabled (32-bit)
 Heap Region Size: 1M
 Heap Min Capacity: 8M
 Heap Initial Capacity: 120M
 Heap Max Capacity: 1900M
 Pre-touch: Disabled
 Parallel Workers: 13
 Concurrent Workers: 3
 Concurrent Refinement Workers: 13
 Periodic GC: Disabled

Heap:
 garbage-first heap   total 80896K, used 58553K [0x0000000089400000, 0x0000000100000000)
  region size 1024K, 18 young (18432K), 4 survivors (4096K)
 Metaspace       used 106486K, committed 107520K, reserved 1179648K
  class space    used 14656K, committed 15104K, reserved 1048576K

Heap Regions: E=young(eden), S=young(survivor), O=old, HS=humongous(starts), HC=humongous(continues), CS=collection set, F=free, TAMS=top-at-mark-start, PB=parsable bottom
|   0|0x0000000089400000, 0x0000000089500000, 0x0000000089500000|100%|HS|  |TAMS 0x0000000089400000| PB 0x0000000089400000| Complete 
|   1|0x0000000089500000, 0x0000000089600000, 0x0000000089600000|100%|HS|  |TAMS 0x0000000089500000| PB 0x0000000089500000| Complete 
|   2|0x0000000089600000, 0x0000000089700000, 0x0000000089700000|100%| O|  |TAMS 0x0000000089600000| PB 0x0000000089600000| Untracked 
|   3|0x0000000089700000, 0x0000000089800000, 0x0000000089800000|100%| O|  |TAMS 0x0000000089700000| PB 0x0000000089700000| Untracked 
|   4|0x0000000089800000, 0x0000000089900000, 0x0000000089900000|100%| O|  |TAMS 0x0000000089800000| PB 0x0000000089800000| Untracked 
|   5|0x0000000089900000, 0x0000000089a00000, 0x0000000089a00000|100%| O|  |TAMS 0x0000000089900000| PB 0x0000000089900000| Untracked 
|   6|0x0000000089a00000, 0x0000000089b00000, 0x0000000089b00000|100%| O|  |TAMS 0x0000000089a00000| PB 0x0000000089a00000| Untracked 
|   7|0x0000000089b00000, 0x0000000089c00000, 0x0000000089c00000|100%| O|  |TAMS 0x0000000089b00000| PB 0x0000000089b00000| Untracked 
|   8|0x0000000089c00000, 0x0000000089d00000, 0x0000000089d00000|100%| O|  |TAMS 0x0000000089c00000| PB 0x0000000089c00000| Untracked 
|   9|0x0000000089d00000, 0x0000000089e00000, 0x0000000089e00000|100%| O|  |TAMS 0x0000000089d00000| PB 0x0000000089d00000| Untracked 
|  10|0x0000000089e00000, 0x0000000089f00000, 0x0000000089f00000|100%| O|  |TAMS 0x0000000089e00000| PB 0x0000000089e00000| Untracked 
|  11|0x0000000089f00000, 0x000000008a000000, 0x000000008a000000|100%| O|  |TAMS 0x0000000089f00000| PB 0x0000000089f00000| Untracked 
|  12|0x000000008a000000, 0x000000008a100000, 0x000000008a100000|100%| O|  |TAMS 0x000000008a000000| PB 0x000000008a000000| Untracked 
|  13|0x000000008a100000, 0x000000008a200000, 0x000000008a200000|100%| O|  |TAMS 0x000000008a100000| PB 0x000000008a100000| Untracked 
|  14|0x000000008a200000, 0x000000008a300000, 0x000000008a300000|100%| O|  |TAMS 0x000000008a200000| PB 0x000000008a200000| Untracked 
|  15|0x000000008a300000, 0x000000008a400000, 0x000000008a400000|100%| O|  |TAMS 0x000000008a300000| PB 0x000000008a300000| Untracked 
|  16|0x000000008a400000, 0x000000008a500000, 0x000000008a500000|100%| O|  |TAMS 0x000000008a400000| PB 0x000000008a400000| Untracked 
|  17|0x000000008a500000, 0x000000008a600000, 0x000000008a600000|100%| O|  |TAMS 0x000000008a500000| PB 0x000000008a500000| Untracked 
|  18|0x000000008a600000, 0x000000008a700000, 0x000000008a700000|100%| O|  |TAMS 0x000000008a600000| PB 0x000000008a600000| Untracked 
|  19|0x000000008a700000, 0x000000008a800000, 0x000000008a800000|100%| O|  |TAMS 0x000000008a700000| PB 0x000000008a700000| Untracked 
|  20|0x000000008a800000, 0x000000008a900000, 0x000000008a900000|100%| O|  |TAMS 0x000000008a800000| PB 0x000000008a800000| Untracked 
|  21|0x000000008a900000, 0x000000008aa00000, 0x000000008aa00000|100%| O|  |TAMS 0x000000008a900000| PB 0x000000008a900000| Untracked 
|  22|0x000000008aa00000, 0x000000008ab00000, 0x000000008ab00000|100%| O|  |TAMS 0x000000008aa00000| PB 0x000000008aa00000| Untracked 
|  23|0x000000008ab00000, 0x000000008ab00000, 0x000000008ac00000|  0%| F|  |TAMS 0x000000008ab00000| PB 0x000000008ab00000| Untracked 
|  24|0x000000008ac00000, 0x000000008ac00000, 0x000000008ad00000|  0%| F|  |TAMS 0x000000008ac00000| PB 0x000000008ac00000| Untracked 
|  25|0x000000008ad00000, 0x000000008ae00000, 0x000000008ae00000|100%| O|  |TAMS 0x000000008ad00000| PB 0x000000008ad00000| Untracked 
|  26|0x000000008ae00000, 0x000000008af00000, 0x000000008af00000|100%| O|  |TAMS 0x000000008ae00000| PB 0x000000008ae00000| Untracked 
|  27|0x000000008af00000, 0x000000008b000000, 0x000000008b000000|100%| O|  |TAMS 0x000000008af00000| PB 0x000000008af00000| Untracked 
|  28|0x000000008b000000, 0x000000008b100000, 0x000000008b100000|100%| O|  |TAMS 0x000000008b000000| PB 0x000000008b000000| Untracked 
|  29|0x000000008b100000, 0x000000008b200000, 0x000000008b200000|100%| O|  |TAMS 0x000000008b100000| PB 0x000000008b100000| Untracked 
|  30|0x000000008b200000, 0x000000008b300000, 0x000000008b300000|100%| O|  |TAMS 0x000000008b200000| PB 0x000000008b200000| Untracked 
|  31|0x000000008b300000, 0x000000008b400000, 0x000000008b400000|100%| O|  |TAMS 0x000000008b300000| PB 0x000000008b300000| Untracked 
|  32|0x000000008b400000, 0x000000008b500000, 0x000000008b500000|100%| O|  |TAMS 0x000000008b400000| PB 0x000000008b400000| Untracked 
|  33|0x000000008b500000, 0x000000008b600000, 0x000000008b600000|100%| O|  |TAMS 0x000000008b500000| PB 0x000000008b500000| Untracked 
|  34|0x000000008b600000, 0x000000008b700000, 0x000000008b700000|100%| O|  |TAMS 0x000000008b600000| PB 0x000000008b600000| Untracked 
|  35|0x000000008b700000, 0x000000008b800000, 0x000000008b800000|100%| O|  |TAMS 0x000000008b700000| PB 0x000000008b700000| Untracked 
|  36|0x000000008b800000, 0x000000008b900000, 0x000000008b900000|100%| O|  |TAMS 0x000000008b800000| PB 0x000000008b800000| Untracked 
|  37|0x000000008b900000, 0x000000008ba00000, 0x000000008ba00000|100%| O|  |TAMS 0x000000008b900000| PB 0x000000008b900000| Untracked 
|  38|0x000000008ba00000, 0x000000008bb00000, 0x000000008bb00000|100%| O|  |TAMS 0x000000008ba00000| PB 0x000000008ba00000| Untracked 
|  39|0x000000008bb00000, 0x000000008bc00000, 0x000000008bc00000|100%| O|  |TAMS 0x000000008bb00000| PB 0x000000008bb00000| Untracked 
|  40|0x000000008bc00000, 0x000000008bc5cda0, 0x000000008bd00000| 36%| O|  |TAMS 0x000000008bc00000| PB 0x000000008bc00000| Untracked 
|  41|0x000000008bd00000, 0x000000008be00000, 0x000000008be00000|100%| O|  |TAMS 0x000000008bd00000| PB 0x000000008bd00000| Untracked 
|  42|0x000000008be00000, 0x000000008bf00000, 0x000000008bf00000|100%| O|  |TAMS 0x000000008be00000| PB 0x000000008be00000| Untracked 
|  43|0x000000008bf00000, 0x000000008c000000, 0x000000008c000000|100%| O|  |TAMS 0x000000008bf00000| PB 0x000000008bf00000| Untracked 
|  44|0x000000008c000000, 0x000000008c000000, 0x000000008c100000|  0%| F|  |TAMS 0x000000008c000000| PB 0x000000008c000000| Untracked 
|  45|0x000000008c100000, 0x000000008c1d1780, 0x000000008c200000| 81%| S|CS|TAMS 0x000000008c100000| PB 0x000000008c100000| Complete 
|  46|0x000000008c200000, 0x000000008c300000, 0x000000008c300000|100%| S|CS|TAMS 0x000000008c200000| PB 0x000000008c200000| Complete 
|  47|0x000000008c300000, 0x000000008c300000, 0x000000008c400000|  0%| F|  |TAMS 0x000000008c300000| PB 0x000000008c300000| Untracked 
|  48|0x000000008c400000, 0x000000008c400000, 0x000000008c500000|  0%| F|  |TAMS 0x000000008c400000| PB 0x000000008c400000| Untracked 
|  49|0x000000008c500000, 0x000000008c500000, 0x000000008c600000|  0%| F|  |TAMS 0x000000008c500000| PB 0x000000008c500000| Untracked 
|  50|0x000000008c600000, 0x000000008c700000, 0x000000008c700000|100%| S|CS|TAMS 0x000000008c600000| PB 0x000000008c600000| Complete 
|  51|0x000000008c700000, 0x000000008c800000, 0x000000008c800000|100%| S|CS|TAMS 0x000000008c700000| PB 0x000000008c700000| Complete 
|  52|0x000000008c800000, 0x000000008c800000, 0x000000008c900000|  0%| F|  |TAMS 0x000000008c800000| PB 0x000000008c800000| Untracked 
|  53|0x000000008c900000, 0x000000008c900000, 0x000000008ca00000|  0%| F|  |TAMS 0x000000008c900000| PB 0x000000008c900000| Untracked 
|  54|0x000000008ca00000, 0x000000008ca00000, 0x000000008cb00000|  0%| F|  |TAMS 0x000000008ca00000| PB 0x000000008ca00000| Untracked 
|  55|0x000000008cb00000, 0x000000008cb00000, 0x000000008cc00000|  0%| F|  |TAMS 0x000000008cb00000| PB 0x000000008cb00000| Untracked 
|  56|0x000000008cc00000, 0x000000008cc00000, 0x000000008cd00000|  0%| F|  |TAMS 0x000000008cc00000| PB 0x000000008cc00000| Untracked 
|  57|0x000000008cd00000, 0x000000008cd00000, 0x000000008ce00000|  0%| F|  |TAMS 0x000000008cd00000| PB 0x000000008cd00000| Untracked 
|  58|0x000000008ce00000, 0x000000008ce00000, 0x000000008cf00000|  0%| F|  |TAMS 0x000000008ce00000| PB 0x000000008ce00000| Untracked 
|  59|0x000000008cf00000, 0x000000008cf00000, 0x000000008d000000|  0%| F|  |TAMS 0x000000008cf00000| PB 0x000000008cf00000| Untracked 
|  60|0x000000008d000000, 0x000000008d000000, 0x000000008d100000|  0%| F|  |TAMS 0x000000008d000000| PB 0x000000008d000000| Untracked 
|  61|0x000000008d100000, 0x000000008d100000, 0x000000008d200000|  0%| F|  |TAMS 0x000000008d100000| PB 0x000000008d100000| Untracked 
|  62|0x000000008d200000, 0x000000008d200000, 0x000000008d300000|  0%| F|  |TAMS 0x000000008d200000| PB 0x000000008d200000| Untracked 
|  63|0x000000008d300000, 0x000000008d300000, 0x000000008d400000|  0%| F|  |TAMS 0x000000008d300000| PB 0x000000008d300000| Untracked 
|  64|0x000000008d400000, 0x000000008d400000, 0x000000008d500000|  0%| F|  |TAMS 0x000000008d400000| PB 0x000000008d400000| Untracked 
|  65|0x000000008d500000, 0x000000008d5907a0, 0x000000008d600000| 56%| E|  |TAMS 0x000000008d500000| PB 0x000000008d500000| Complete 
|  66|0x000000008d600000, 0x000000008d700000, 0x000000008d700000|100%| E|CS|TAMS 0x000000008d600000| PB 0x000000008d600000| Complete 
|  67|0x000000008d700000, 0x000000008d800000, 0x000000008d800000|100%| E|CS|TAMS 0x000000008d700000| PB 0x000000008d700000| Complete 
|  68|0x000000008d800000, 0x000000008d900000, 0x000000008d900000|100%| E|CS|TAMS 0x000000008d800000| PB 0x000000008d800000| Complete 
|  69|0x000000008d900000, 0x000000008da00000, 0x000000008da00000|100%| E|CS|TAMS 0x000000008d900000| PB 0x000000008d900000| Complete 
|  70|0x000000008da00000, 0x000000008db00000, 0x000000008db00000|100%| E|CS|TAMS 0x000000008da00000| PB 0x000000008da00000| Complete 
|  71|0x000000008db00000, 0x000000008dc00000, 0x000000008dc00000|100%| E|CS|TAMS 0x000000008db00000| PB 0x000000008db00000| Complete 
|  72|0x000000008dc00000, 0x000000008dd00000, 0x000000008dd00000|100%| E|CS|TAMS 0x000000008dc00000| PB 0x000000008dc00000| Complete 
|  73|0x000000008dd00000, 0x000000008de00000, 0x000000008de00000|100%| E|CS|TAMS 0x000000008dd00000| PB 0x000000008dd00000| Complete 
|  95|0x000000008f300000, 0x000000008f400000, 0x000000008f400000|100%| E|CS|TAMS 0x000000008f300000| PB 0x000000008f300000| Complete 
|  96|0x000000008f400000, 0x000000008f500000, 0x000000008f500000|100%| E|CS|TAMS 0x000000008f400000| PB 0x000000008f400000| Complete 
|  97|0x000000008f500000, 0x000000008f600000, 0x000000008f600000|100%| E|CS|TAMS 0x000000008f500000| PB 0x000000008f500000| Complete 
|  98|0x000000008f600000, 0x000000008f700000, 0x000000008f700000|100%| E|CS|TAMS 0x000000008f600000| PB 0x000000008f600000| Complete 
| 119|0x0000000090b00000, 0x0000000090c00000, 0x0000000090c00000|100%| E|  |TAMS 0x0000000090b00000| PB 0x0000000090b00000| Complete 

Card table byte_map: [0x0000023c6a7d0000,0x0000023c6ab90000] _byte_map_base: 0x0000023c6a386000

Marking Bits: (CMBitMap*) 0x0000023c524bd1b0
 Bits: [0x0000023c6ab90000, 0x0000023c6c940000)

Polling page: 0x0000023c50300000

Metaspace:

Usage:
  Non-class:     89.68 MB used.
      Class:     14.31 MB used.
       Both:    103.99 MB used.

Virtual space:
  Non-class space:      128.00 MB reserved,      90.25 MB ( 71%) committed,  2 nodes.
      Class space:        1.00 GB reserved,      14.75 MB (  1%) committed,  1 nodes.
             Both:        1.12 GB reserved,     105.00 MB (  9%) committed. 

Chunk freelists:
   Non-Class:  5.79 MB
       Class:  1.20 MB
        Both:  6.99 MB

MaxMetaspaceSize: unlimited
CompressedClassSpaceSize: 1.00 GB
Initial GC threshold: 21.00 MB
Current GC threshold: 154.94 MB
CDS: on
 - commit_granule_bytes: 65536.
 - commit_granule_words: 8192.
 - virtual_space_node_default_size: 8388608.
 - enlarge_chunks_in_place: 1.
 - use_allocation_guard: 0.


Internal statistics:

num_allocs_failed_limit: 9.
num_arena_births: 1586.
num_arena_deaths: 0.
num_vsnodes_births: 3.
num_vsnodes_deaths: 0.
num_space_committed: 1680.
num_space_uncommitted: 0.
num_chunks_returned_to_freelist: 9.
num_chunks_taken_from_freelist: 5312.
num_chunk_merges: 6.
num_chunk_splits: 3869.
num_chunks_enlarged: 3068.
num_inconsistent_stats: 0.

CodeHeap 'non-profiled nmethods': size=119168Kb used=6213Kb max_used=6213Kb free=112955Kb
 bounds [0x0000023c62730000, 0x0000023c62d50000, 0x0000023c69b90000]
CodeHeap 'profiled nmethods': size=119104Kb used=18397Kb max_used=18397Kb free=100706Kb
 bounds [0x0000023c5ab90000, 0x0000023c5bd90000, 0x0000023c61fe0000]
CodeHeap 'non-nmethods': size=7488Kb used=1682Kb max_used=3417Kb free=5805Kb
 bounds [0x0000023c61fe0000, 0x0000023c62450000, 0x0000023c62730000]
CodeCache: size=245760Kb, used=26292Kb, max_used=28027Kb, free=219466Kb
 total_blobs=10062, nmethods=9249, adapters=716, full_count=0
Compilation: enabled, stopped_count=0, restarted_count=0

Compilation events (20 events):
Event: 436.071 Thread 0x0000023c6ef7a220 nmethod 10458 0x0000023c62d3d990 code [0x0000023c62d3db20, 0x0000023c62d3dbe8]
Event: 437.761 Thread 0x0000023c6f928d90 10459       4       java.util.TreeMap$PrivateEntryIterator::<init> (28 bytes)
Event: 437.787 Thread 0x0000023c6f928d90 nmethod 10459 0x0000023c62d3dc90 code [0x0000023c62d3de20, 0x0000023c62d3e0f0]
Event: 442.577 Thread 0x0000023c6ef7a220 10460       1       org.apache.catalina.core.ContainerBase::getBackgroundProcessorDelay (5 bytes)
Event: 442.596 Thread 0x0000023c6ef7a220 nmethod 10460 0x0000023c62d3e190 code [0x0000023c62d3e320, 0x0000023c62d3e3e8]
Event: 442.604 Thread 0x0000023c6ef7a220 10461       3       org.apache.catalina.valves.ValveBase::backgroundProcess (1 bytes)
Event: 442.606 Thread 0x0000023c6ef7a220 nmethod 10461 0x0000023c5bd81c90 code [0x0000023c5bd81e20, 0x0000023c5bd81f28]
Event: 446.660 Thread 0x0000023c6f928d90 10462       4       com.mysql.cj.telemetry.TelemetrySpan::setAttribute (1 bytes)
Event: 446.662 Thread 0x0000023c6f928d90 nmethod 10462 0x0000023c62d3e490 code [0x0000023c62d3e620, 0x0000023c62d3e6a8]
Event: 447.922 Thread 0x0000023c6f928d90 10463       4       sun.nio.ch.NioSocketImpl::ensureOpenAndConnected (36 bytes)
Event: 447.926 Thread 0x0000023c6f928d90 nmethod 10463 0x0000023c62d3e790 code [0x0000023c62d3e920, 0x0000023c62d3e9c8]
Event: 449.061 Thread 0x0000023c6f928d90 10464       4       sun.nio.ch.NioSocketImpl::configureNonBlockingIfNeeded (65 bytes)
Event: 449.070 Thread 0x0000023c6f928d90 nmethod 10464 0x0000023c62d3ea90 code [0x0000023c62d3ec20, 0x0000023c62d3ed28]
Event: 450.180 Thread 0x0000023c6ef7a220 10465       3       jdk.internal.util.ByteArray::setDouble (13 bytes)
Event: 450.194 Thread 0x0000023c6ef7a220 nmethod 10465 0x0000023c5bd81f90 code [0x0000023c5bd821a0, 0x0000023c5bd82880]
Event: 453.641 Thread 0x0000023c6f928d90 10466   !   4       sun.nio.ch.NioSocketImpl::tryRead (87 bytes)
Event: 453.785 Thread 0x0000023c6f928d90 nmethod 10466 0x0000023c62d3ee10 code [0x0000023c62d3f100, 0x0000023c62d402e8]
Event: 456.858 Thread 0x0000023c6ef7a220 10467   !   3       sun.nio.ch.NioSocketImpl::setOption (538 bytes)
Event: 456.886 Thread 0x0000023c6ef7a220 nmethod 10467 0x0000023c5bd82b10 code [0x0000023c5bd830c0, 0x0000023c5bd85ab8]
Event: 457.144 Thread 0x0000023c6f928d90 10468       4       java.io.ObjectOutputStream::writeClassDesc (60 bytes)

GC Heap History (20 events):
Event: 6.898 GC heap before
{Heap before GC invocations=12 (full 0):
 garbage-first heap   total 66560K, used 58015K [0x0000000089400000, 0x0000000100000000)
  region size 1024K, 32 young (32768K), 2 survivors (2048K)
 Metaspace       used 57086K, committed 57728K, reserved 1114112K
  class space    used 7588K, committed 7872K, reserved 1048576K
}
Event: 6.904 GC heap after
{Heap after GC invocations=13 (full 0):
 garbage-first heap   total 66560K, used 30150K [0x0000000089400000, 0x0000000100000000)
  region size 1024K, 4 young (4096K), 4 survivors (4096K)
 Metaspace       used 57086K, committed 57728K, reserved 1114112K
  class space    used 7588K, committed 7872K, reserved 1048576K
}
Event: 7.091 GC heap before
{Heap before GC invocations=13 (full 0):
 garbage-first heap   total 66560K, used 31174K [0x0000000089400000, 0x0000000100000000)
  region size 1024K, 6 young (6144K), 4 survivors (4096K)
 Metaspace       used 59529K, committed 60160K, reserved 1114112K
  class space    used 7881K, committed 8192K, reserved 1048576K
}
Event: 7.096 GC heap after
{Heap after GC invocations=14 (full 0):
 garbage-first heap   total 66560K, used 31167K [0x0000000089400000, 0x0000000100000000)
  region size 1024K, 1 young (1024K), 1 survivors (1024K)
 Metaspace       used 59529K, committed 60160K, reserved 1114112K
  class space    used 7881K, committed 8192K, reserved 1048576K
}
Event: 7.719 GC heap before
{Heap before GC invocations=15 (full 0):
 garbage-first heap   total 66560K, used 56767K [0x0000000089400000, 0x0000000100000000)
  region size 1024K, 26 young (26624K), 1 survivors (1024K)
 Metaspace       used 66310K, committed 67008K, reserved 1114112K
  class space    used 8719K, committed 9024K, reserved 1048576K
}
Event: 7.723 GC heap after
{Heap after GC invocations=16 (full 0):
 garbage-first heap   total 66560K, used 32347K [0x0000000089400000, 0x0000000100000000)
  region size 1024K, 2 young (2048K), 2 survivors (2048K)
 Metaspace       used 66310K, committed 67008K, reserved 1114112K
  class space    used 8719K, committed 9024K, reserved 1048576K
}
Event: 8.317 GC heap before
{Heap before GC invocations=16 (full 0):
 garbage-first heap   total 66560K, used 56923K [0x0000000089400000, 0x0000000100000000)
  region size 1024K, 27 young (27648K), 2 survivors (2048K)
 Metaspace       used 74181K, committed 74880K, reserved 1114112K
  class space    used 9918K, committed 10240K, reserved 1048576K
}
Event: 8.324 GC heap after
{Heap after GC invocations=17 (full 0):
 garbage-first heap   total 66560K, used 33261K [0x0000000089400000, 0x0000000100000000)
  region size 1024K, 3 young (3072K), 3 survivors (3072K)
 Metaspace       used 74181K, committed 74880K, reserved 1114112K
  class space    used 9918K, committed 10240K, reserved 1048576K
}
Event: 11.958 GC heap before
{Heap before GC invocations=17 (full 0):
 garbage-first heap   total 66560K, used 57837K [0x0000000089400000, 0x0000000100000000)
  region size 1024K, 28 young (28672K), 3 survivors (3072K)
 Metaspace       used 79890K, committed 80640K, reserved 1179648K
  class space    used 10746K, committed 11072K, reserved 1048576K
}
Event: 11.970 GC heap after
{Heap after GC invocations=18 (full 0):
 garbage-first heap   total 66560K, used 35100K [0x0000000089400000, 0x0000000100000000)
  region size 1024K, 3 young (3072K), 3 survivors (3072K)
 Metaspace       used 79890K, committed 80640K, reserved 1179648K
  class space    used 10746K, committed 11072K, reserved 1048576K
}
Event: 12.616 GC heap before
{Heap before GC invocations=19 (full 0):
 garbage-first heap   total 66560K, used 58652K [0x0000000089400000, 0x0000000100000000)
  region size 1024K, 27 young (27648K), 3 survivors (3072K)
 Metaspace       used 83510K, committed 84288K, reserved 1179648K
  class space    used 11264K, committed 11584K, reserved 1048576K
}
Event: 12.620 GC heap after
{Heap after GC invocations=20 (full 0):
 garbage-first heap   total 79872K, used 37413K [0x0000000089400000, 0x0000000100000000)
  region size 1024K, 4 young (4096K), 4 survivors (4096K)
 Metaspace       used 83510K, committed 84288K, reserved 1179648K
  class space    used 11264K, committed 11584K, reserved 1048576K
}
Event: 13.408 GC heap before
{Heap before GC invocations=20 (full 0):
 garbage-first heap   total 79872K, used 69157K [0x0000000089400000, 0x0000000100000000)
  region size 1024K, 36 young (36864K), 4 survivors (4096K)
 Metaspace       used 87904K, committed 88704K, reserved 1179648K
  class space    used 11863K, committed 12224K, reserved 1048576K
}
Event: 13.413 GC heap after
{Heap after GC invocations=21 (full 0):
 garbage-first heap   total 79872K, used 39936K [0x0000000089400000, 0x0000000100000000)
  region size 1024K, 5 young (5120K), 5 survivors (5120K)
 Metaspace       used 87904K, committed 88704K, reserved 1179648K
  class space    used 11863K, committed 12224K, reserved 1048576K
}
Event: 33.143 GC heap before
{Heap before GC invocations=21 (full 0):
 garbage-first heap   total 79872K, used 70656K [0x0000000089400000, 0x0000000100000000)
  region size 1024K, 36 young (36864K), 5 survivors (5120K)
 Metaspace       used 93805K, committed 94784K, reserved 1179648K
  class space    used 12739K, committed 13184K, reserved 1048576K
}
Event: 33.149 GC heap after
{Heap after GC invocations=22 (full 0):
 garbage-first heap   total 80896K, used 43263K [0x0000000089400000, 0x0000000100000000)
  region size 1024K, 4 young (4096K), 4 survivors (4096K)
 Metaspace       used 93805K, committed 94784K, reserved 1179648K
  class space    used 12739K, committed 13184K, reserved 1048576K
}
Event: 33.893 GC heap before
{Heap before GC invocations=23 (full 0):
 garbage-first heap   total 80896K, used 70911K [0x0000000089400000, 0x0000000100000000)
  region size 1024K, 32 young (32768K), 4 survivors (4096K)
 Metaspace       used 100843K, committed 101888K, reserved 1179648K
  class space    used 13920K, committed 14400K, reserved 1048576K
}
Event: 33.897 GC heap after
{Heap after GC invocations=24 (full 0):
 garbage-first heap   total 80896K, used 45135K [0x0000000089400000, 0x0000000100000000)
  region size 1024K, 3 young (3072K), 3 survivors (3072K)
 Metaspace       used 100843K, committed 101888K, reserved 1179648K
  class space    used 13920K, committed 14400K, reserved 1048576K
}
Event: 82.907 GC heap before
{Heap before GC invocations=24 (full 0):
 garbage-first heap   total 80896K, used 71759K [0x0000000089400000, 0x0000000100000000)
  region size 1024K, 30 young (30720K), 3 survivors (3072K)
 Metaspace       used 105682K, committed 106688K, reserved 1179648K
  class space    used 14610K, committed 15040K, reserved 1048576K
}
Event: 82.926 GC heap after
{Heap after GC invocations=25 (full 0):
 garbage-first heap   total 80896K, used 46265K [0x0000000089400000, 0x0000000100000000)
  region size 1024K, 4 young (4096K), 4 survivors (4096K)
 Metaspace       used 105682K, committed 106688K, reserved 1179648K
  class space    used 14610K, committed 15040K, reserved 1048576K
}

Dll operation events (12 events):
Event: 0.028 Loaded shared library C:\Users\mateu\.jdks\corretto-21.0.11\bin\java.dll
Event: 0.066 Loaded shared library C:\Users\mateu\.jdks\corretto-21.0.11\bin\jsvml.dll
Event: 0.316 Loaded shared library C:\Users\mateu\.jdks\corretto-21.0.11\bin\zip.dll
Event: 0.322 Loaded shared library C:\Users\mateu\.jdks\corretto-21.0.11\bin\instrument.dll
Event: 0.329 Loaded shared library C:\Users\mateu\.jdks\corretto-21.0.11\bin\net.dll
Event: 0.332 Loaded shared library C:\Users\mateu\.jdks\corretto-21.0.11\bin\nio.dll
Event: 0.335 Loaded shared library C:\Users\mateu\.jdks\corretto-21.0.11\bin\zip.dll
Event: 0.590 Loaded shared library C:\Users\mateu\.jdks\corretto-21.0.11\bin\jimage.dll
Event: 1.061 Loaded shared library C:\Users\mateu\.jdks\corretto-21.0.11\bin\extnet.dll
Event: 1.088 Loaded shared library C:\Users\mateu\.jdks\corretto-21.0.11\bin\management.dll
Event: 1.107 Loaded shared library C:\Users\mateu\.jdks\corretto-21.0.11\bin\management_ext.dll
Event: 2.555 Loaded shared library C:\Users\mateu\.jdks\corretto-21.0.11\bin\sunmscapi.dll

Deoptimization events (20 events):
Event: 153.297 Thread 0x0000023c76a84a00 Uncommon trap: trap_request=0xffffff45 fr.pc=0x0000023c6279c620 relative=0x0000000000000540
Event: 153.297 Thread 0x0000023c76a84a00 Uncommon trap: reason=unstable_if action=reinterpret pc=0x0000023c6279c620 method=java.lang.CharacterDataLatin1.toLowerCase(I)I @ 23 c2
Event: 153.297 Thread 0x0000023c76a84a00 DEOPT PACKING pc=0x0000023c6279c620 sp=0x00000089d66fa740
Event: 153.297 Thread 0x0000023c76a84a00 DEOPT UNPACKING pc=0x0000023c62034422 sp=0x00000089d66fa688 mode 2
Event: 301.650 Thread 0x0000023c7f291ed0 Uncommon trap: trap_request=0xffffffde fr.pc=0x0000023c62745484 relative=0x00000000000001e4
Event: 301.651 Thread 0x0000023c7f291ed0 Uncommon trap: reason=class_check action=maybe_recompile pc=0x0000023c62745484 method=java.lang.reflect.Array.newInstance(Ljava/lang/Class;I)Ljava/lang/Object; @ 2 c2
Event: 301.651 Thread 0x0000023c7f291ed0 DEOPT PACKING pc=0x0000023c62745484 sp=0x00000089d47fded0
Event: 301.652 Thread 0x0000023c7f291ed0 DEOPT UNPACKING pc=0x0000023c62034422 sp=0x00000089d47fde88 mode 2
Event: 301.656 Thread 0x0000023c7f291ed0 Uncommon trap: trap_request=0xffffff45 fr.pc=0x0000023c62d00b60 relative=0x0000000000002ce0
Event: 301.656 Thread 0x0000023c7f291ed0 Uncommon trap: reason=unstable_if action=reinterpret pc=0x0000023c62d00b60 method=java.io.ObjectStreamField.isPrimitive()Z @ 14 c2
Event: 301.657 Thread 0x0000023c7f291ed0 DEOPT PACKING pc=0x0000023c62d00b60 sp=0x00000089d47fe7e0
Event: 301.657 Thread 0x0000023c7f291ed0 DEOPT UNPACKING pc=0x0000023c62034422 sp=0x00000089d47fe688 mode 2
Event: 301.657 Thread 0x0000023c7f291ed0 Uncommon trap: trap_request=0xffffff45 fr.pc=0x0000023c62d104b8 relative=0x0000000000001418
Event: 301.657 Thread 0x0000023c7f291ed0 Uncommon trap: reason=unstable_if action=reinterpret pc=0x0000023c62d104b8 method=java.io.ObjectStreamClass$FieldReflector.getObjFieldValues(Ljava/lang/Object;[Ljava/lang/Object;)V @ 39 c2
Event: 301.657 Thread 0x0000023c7f291ed0 DEOPT PACKING pc=0x0000023c62d104b8 sp=0x00000089d47fe7f0
Event: 301.657 Thread 0x0000023c7f291ed0 DEOPT UNPACKING pc=0x0000023c62034422 sp=0x00000089d47fe6c0 mode 2
Event: 301.657 Thread 0x0000023c7f291ed0 Uncommon trap: trap_request=0xffffff45 fr.pc=0x0000023c62cba618 relative=0x0000000000001fd8
Event: 301.657 Thread 0x0000023c7f291ed0 Uncommon trap: reason=unstable_if action=reinterpret pc=0x0000023c62cba618 method=java.io.ObjectOutputStream.writeObject0(Ljava/lang/Object;Z)V @ 459 c2
Event: 301.657 Thread 0x0000023c7f291ed0 DEOPT PACKING pc=0x0000023c62cba618 sp=0x00000089d47fe730
Event: 301.657 Thread 0x0000023c7f291ed0 DEOPT UNPACKING pc=0x0000023c62034422 sp=0x00000089d47fe708 mode 2

Classes loaded (20 events):
Event: 82.943 Loading class jdk/internal/icu/impl/UCharacterProperty$IntProperty
Event: 82.943 Loading class jdk/internal/icu/impl/UCharacterProperty$IntProperty done
Event: 82.943 Loading class jdk/internal/icu/impl/UCharacterProperty$BiDiIntProperty done
Event: 82.943 Loading class jdk/internal/icu/impl/UCharacterProperty$1 done
Event: 82.943 Loading class jdk/internal/icu/impl/ICUBinary$1
Event: 82.943 Loading class jdk/internal/icu/impl/ICUBinary$1 done
Event: 82.945 Loading class jdk/internal/icu/impl/UCharacterProperty$IsAcceptable
Event: 82.945 Loading class jdk/internal/icu/impl/UCharacterProperty$IsAcceptable done
Event: 82.946 Loading class jdk/internal/icu/impl/Trie2_16
Event: 82.946 Loading class jdk/internal/icu/impl/Trie2
Event: 82.947 Loading class jdk/internal/icu/impl/Trie2 done
Event: 82.947 Loading class jdk/internal/icu/impl/Trie2_16 done
Event: 82.947 Loading class jdk/internal/icu/impl/Trie2$1
Event: 82.947 Loading class jdk/internal/icu/impl/Trie2$ValueMapper
Event: 82.947 Loading class jdk/internal/icu/impl/Trie2$ValueMapper done
Event: 82.947 Loading class jdk/internal/icu/impl/Trie2$1 done
Event: 82.947 Loading class jdk/internal/icu/impl/Trie2$UTrie2Header
Event: 82.947 Loading class jdk/internal/icu/impl/Trie2$UTrie2Header done
Event: 147.214 Loading class java/util/ArrayList$SubList$1
Event: 147.217 Loading class java/util/ArrayList$SubList$1 done

Classes unloaded (0 events):
No events

Classes redefined (0 events):
No events

Internal exceptions (20 events):
Event: 33.259 Thread 0x0000023c777dcea0 Exception <a 'java/lang/NoSuchMethodError'{0x000000008f41c328}: 'double java.lang.invoke.DirectMethodHandle$Holder.invokeStatic(java.lang.Object, double)'> (0x000000008f41c328) 
thrown [s\src\hotspot\share\interpreter\linkResolver.cpp, line 773]
Event: 33.259 Thread 0x0000023c777dcea0 Exception <a 'java/lang/NoSuchMethodError'{0x000000008f421e50}: 'double java.lang.invoke.DirectMethodHandle$Holder.invokeStaticInit(java.lang.Object, double)'> (0x000000008f421e50) 
thrown [s\src\hotspot\share\interpreter\linkResolver.cpp, line 773]
Event: 33.766 Thread 0x0000023c777dcea0 Exception <a 'java/lang/NoSuchMethodError'{0x000000008ca94a90}: 'java.lang.Object java.lang.invoke.DirectMethodHandle$Holder.invokeStatic(java.lang.Object, java.lang.Object, java.lang.Object, java.lang.Object, java.lang.Object, java.lang.Object, java.lang.Object, java.lang.Object, java.lang.Object, java.lang.Object, int)'> (0x000000008ca94a90) 
thrown [s\src\hotspot\share\interpreter\linkResolver.cpp, line 773]
Event: 33.767 Thread 0x0000023c777dcea0 Exception <a 'java/lang/NoSuchMethodError'{0x000000008ca9fcb0}: 'java.lang.Object java.lang.invoke.DirectMethodHandle$Holder.invokeStatic(java.lang.Object, java.lang.Object, java.lang.Object, java.lang.Object, java.lang.Object, java.lang.Object, java.lang.Object, java.lang.Object, java.lang.Object, java.lang.Object, java.lang.Object, int)'> (0x000000008ca9fcb0) 
thrown [s\src\hotspot\share\interpreter\linkResolver.cpp, line 773]
Event: 33.768 Thread 0x0000023c777dcea0 Exception <a 'java/lang/NoSuchMethodError'{0x000000008caacbb0}: 'java.lang.Object java.lang.invoke.DirectMethodHandle$Holder.invokeStatic(java.lang.Object, java.lang.Object, java.lang.Object, java.lang.Object, java.lang.Object, java.lang.Object, java.lang.Object, java.lang.Object, java.lang.Object, int)'> (0x000000008caacbb0) 
thrown [s\src\hotspot\share\interpreter\linkResolver.cpp, line 773]
Event: 33.798 Thread 0x0000023c777dcea0 Exception <a 'java/lang/NoSuchMethodError'{0x000000008c844290}: 'java.lang.Object java.lang.invoke.DirectMethodHandle$Holder.newInvokeSpecial(java.lang.Object, java.lang.Object, int, int)'> (0x000000008c844290) 
thrown [s\src\hotspot\share\interpreter\linkResolver.cpp, line 773]
Event: 33.798 Thread 0x0000023c777dcea0 Exception <a 'java/lang/NoSuchMethodError'{0x000000008c848b60}: 'java.lang.Object java.lang.invoke.DirectMethodHandle$Holder.invokeSpecial(java.lang.Object, java.lang.Object, java.lang.Object, int, int)'> (0x000000008c848b60) 
thrown [s\src\hotspot\share\interpreter\linkResolver.cpp, line 773]
Event: 33.806 Thread 0x0000023c777dcea0 Exception <a 'java/lang/NoSuchMethodError'{0x000000008c8919d0}: 'void java.lang.invoke.DirectMethodHandle$Holder.invokeStatic(java.lang.Object, java.lang.Object, int, int, java.lang.Object)'> (0x000000008c8919d0) 
thrown [s\src\hotspot\share\interpreter\linkResolver.cpp, line 773]
Event: 33.811 Thread 0x0000023c777dcea0 Exception <a 'java/lang/NoSuchMethodError'{0x000000008c8c6d78}: 'void java.lang.invoke.DirectMethodHandle$Holder.invokeSpecialIFC(java.lang.Object, java.lang.Object, int, java.lang.Object, java.lang.Object, java.lang.Object, java.lang.Object)'> (0x000000008c8c6d78) 
thrown [s\src\hotspot\share\interpreter\linkResolver.cpp, line 773]
Event: 33.874 Thread 0x0000023c777dcea0 Exception <a 'java/lang/NoSuchMethodError'{0x000000008c68d4d0}: 'java.lang.Object java.lang.invoke.DirectMethodHandle$Holder.newInvokeSpecial(java.lang.Object, java.lang.Object, java.lang.Object, long)'> (0x000000008c68d4d0) 
thrown [s\src\hotspot\share\interpreter\linkResolver.cpp, line 773]
Event: 33.874 Thread 0x0000023c777dcea0 Exception <a 'java/lang/NoSuchMethodError'{0x000000008c691d28}: 'java.lang.Object java.lang.invoke.DirectMethodHandle$Holder.invokeSpecial(java.lang.Object, java.lang.Object, java.lang.Object, java.lang.Object, long)'> (0x000000008c691d28) 
thrown [s\src\hotspot\share\interpreter\linkResolver.cpp, line 773]
Event: 33.875 Thread 0x0000023c777dcea0 Exception <a 'java/lang/NoSuchMethodError'{0x000000008c695f10}: 'java.lang.Object java.lang.invoke.Invokers$Holder.linkToTargetMethod(java.lang.Object, java.lang.Object, long, java.lang.Object)'> (0x000000008c695f10) 
thrown [s\src\hotspot\share\interpreter\linkResolver.cpp, line 773]
Event: 33.961 Thread 0x0000023c777dcea0 Exception <a 'java/lang/IncompatibleClassChangeError'{0x000000008f6fcc88}: Found class java.lang.Object, but interface was expected> (0x000000008f6fcc88) 
thrown [s\src\hotspot\share\interpreter\linkResolver.cpp, line 840]
Event: 34.009 Thread 0x0000023c777dcea0 Exception <a 'java/lang/NoSuchMethodError'{0x000000008f431c48}: 'int java.lang.invoke.DirectMethodHandle$Holder.invokeStatic(java.lang.Object, java.lang.Object, int, int)'> (0x000000008f431c48) 
thrown [s\src\hotspot\share\interpreter\linkResolver.cpp, line 773]
Event: 46.707 Thread 0x0000023c76a85720 Exception <a 'java/lang/IncompatibleClassChangeError'{0x000000008d0deef0}: Found class java.lang.Object, but interface was expected> (0x000000008d0deef0) 
thrown [s\src\hotspot\share\interpreter\linkResolver.cpp, line 840]
Event: 46.707 Thread 0x0000023c76a84a00 Exception <a 'java/lang/IncompatibleClassChangeError'{0x000000008d0fa448}: Found class java.lang.Object, but interface was expected> (0x000000008d0fa448) 
thrown [s\src\hotspot\share\interpreter\linkResolver.cpp, line 840]
Event: 46.740 Thread 0x0000023c76a85720 Exception <a 'java/lang/IncompatibleClassChangeError'{0x000000008cfc0ce8}: Found class java.lang.Object, but interface was expected> (0x000000008cfc0ce8) 
thrown [s\src\hotspot\share\interpreter\linkResolver.cpp, line 840]
Event: 46.740 Thread 0x0000023c76a84a00 Exception <a 'java/lang/IncompatibleClassChangeError'{0x000000008cfb4730}: Found class java.lang.Object, but interface was expected> (0x000000008cfb4730) 
thrown [s\src\hotspot\share\interpreter\linkResolver.cpp, line 840]
Event: 46.826 Thread 0x0000023c76a85720 Exception <a 'java/lang/NoSuchMethodError'{0x000000008cd17008}: method resolution failed> (0x000000008cd17008) 
thrown [s\src\hotspot\share\prims\methodHandles.cpp, line 1136]
Event: 46.826 Thread 0x0000023c76a84a00 Exception <a 'java/lang/NoSuchMethodError'{0x000000008cd0b9f8}: method resolution failed> (0x000000008cd0b9f8) 
thrown [s\src\hotspot\share\prims\methodHandles.cpp, line 1136]

ZGC Phase Switch (0 events):
No events

VM Operations (20 events):
Event: 218.662 Executing safepoint VM operation: Cleanup
Event: 218.662 Executing safepoint VM operation: Cleanup done
Event: 262.922 Executing safepoint VM operation: Cleanup
Event: 262.925 Executing safepoint VM operation: Cleanup done
Event: 270.929 Executing safepoint VM operation: Cleanup
Event: 270.929 Executing safepoint VM operation: Cleanup done
Event: 294.944 Executing safepoint VM operation: Cleanup
Event: 294.945 Executing safepoint VM operation: Cleanup done
Event: 301.948 Executing safepoint VM operation: Cleanup
Event: 301.948 Executing safepoint VM operation: Cleanup done
Event: 304.950 Executing safepoint VM operation: Cleanup
Event: 304.950 Executing safepoint VM operation: Cleanup done
Event: 332.968 Executing safepoint VM operation: Cleanup
Event: 332.968 Executing safepoint VM operation: Cleanup done
Event: 361.985 Executing safepoint VM operation: Cleanup
Event: 361.985 Executing safepoint VM operation: Cleanup done
Event: 405.008 Executing safepoint VM operation: Cleanup
Event: 405.008 Executing safepoint VM operation: Cleanup done
Event: 442.063 Executing safepoint VM operation: Cleanup
Event: 442.127 Executing safepoint VM operation: Cleanup done

Memory protections (0 events):
No events

Nmethod flushes (20 events):
Event: 33.174 Thread 0x0000023c6ef4a940 flushing  nmethod 0x0000023c5b6e0310
Event: 33.174 Thread 0x0000023c6ef4a940 flushing  nmethod 0x0000023c5b6e0f90
Event: 33.174 Thread 0x0000023c6ef4a940 flushing  nmethod 0x0000023c5b7b1710
Event: 33.175 Thread 0x0000023c6ef4a940 flushing  nmethod 0x0000023c5b7b6e90
Event: 33.175 Thread 0x0000023c6ef4a940 flushing  nmethod 0x0000023c5b7b7b10
Event: 33.175 Thread 0x0000023c6ef4a940 flushing  nmethod 0x0000023c6286ef90
Event: 33.175 Thread 0x0000023c6ef4a940 flushing  nmethod 0x0000023c62a51a90
Event: 33.175 Thread 0x0000023c6ef4a940 flushing  nmethod 0x0000023c5acf4e10
Event: 33.175 Thread 0x0000023c6ef4a940 flushing  nmethod 0x0000023c5acf6b90
Event: 33.175 Thread 0x0000023c6ef4a940 flushing  nmethod 0x0000023c5ad79090
Event: 33.175 Thread 0x0000023c6ef4a940 flushing  nmethod 0x0000023c5ad7b610
Event: 33.175 Thread 0x0000023c6ef4a940 flushing  nmethod 0x0000023c5ad82690
Event: 33.175 Thread 0x0000023c6ef4a940 flushing  nmethod 0x0000023c5b001090
Event: 33.175 Thread 0x0000023c6ef4a940 flushing  nmethod 0x0000023c5b001f90
Event: 33.175 Thread 0x0000023c6ef4a940 flushing  nmethod 0x0000023c5b08fe90
Event: 33.175 Thread 0x0000023c6ef4a940 flushing  nmethod 0x0000023c5b3e1e10
Event: 33.175 Thread 0x0000023c6ef4a940 flushing  nmethod 0x0000023c5b420890
Event: 33.175 Thread 0x0000023c6ef4a940 flushing  nmethod 0x0000023c5b50a910
Event: 33.175 Thread 0x0000023c6ef4a940 flushing  nmethod 0x0000023c5b6f3990
Event: 33.175 Thread 0x0000023c6ef4a940 flushing  nmethod 0x0000023c5b6f5390

Events (20 events):
Event: 57.869 Thread 0x0000023c77d6eb60 Thread exited: 0x0000023c77d6eb60
Event: 75.414 Thread 0x0000023c6ef7a220 Thread added: 0x0000023c76622020
Event: 75.414 Thread 0x0000023c6ef7a220 Thread added: 0x0000023c76d25cb0
Event: 77.893 Thread 0x0000023c76d25cb0 Thread exited: 0x0000023c76d25cb0
Event: 78.909 Thread 0x0000023c76622020 Thread exited: 0x0000023c76622020
Event: 82.948 Thread 0x0000023c6ef7a220 Thread added: 0x0000023c76622020
Event: 84.410 Thread 0x0000023c76622020 Thread exited: 0x0000023c76622020
Event: 119.286 Thread 0x0000023c6f928d90 Thread added: 0x0000023c76638830
Event: 121.646 Thread 0x0000023c74fc7f20 Thread exited: 0x0000023c74fc7f20
Event: 129.306 Thread 0x0000023c76638830 Thread exited: 0x0000023c76638830
Event: 132.289 Thread 0x0000023c6ef7a220 Thread added: 0x0000023c76638830
Event: 132.290 Thread 0x0000023c6ef7a220 Thread added: 0x0000023c7888d840
Event: 136.730 Thread 0x0000023c7888d840 Thread exited: 0x0000023c7888d840
Event: 136.730 Thread 0x0000023c76638830 Thread exited: 0x0000023c76638830
Event: 143.253 Thread 0x0000023c6ef7a220 Thread added: 0x0000023c76638830
Event: 146.570 Thread 0x0000023c76638830 Thread exited: 0x0000023c76638830
Event: 147.073 Thread 0x0000023c6ef7a220 Thread added: 0x0000023c76638830
Event: 149.080 Thread 0x0000023c76638830 Thread exited: 0x0000023c76638830
Event: 153.275 Thread 0x0000023c6ef7a220 Thread added: 0x0000023c76638830
Event: 154.437 Thread 0x0000023c76638830 Thread exited: 0x0000023c76638830


Dynamic libraries:
0x00007ff6aeb90000 - 0x00007ff6aeb9e000 	C:\Users\mateu\.jdks\corretto-21.0.11\bin\java.exe
0x00007ffccb8c0000 - 0x00007ffccbb26000 	C:\WINDOWS\SYSTEM32\ntdll.dll
0x00007ffcc9d60000 - 0x00007ffcc9e29000 	C:\WINDOWS\System32\KERNEL32.DLL
0x00007ffcc9200000 - 0x00007ffcc95fa000 	C:\WINDOWS\System32\KERNELBASE.dll
0x00007ffcc90b0000 - 0x00007ffcc91fc000 	C:\WINDOWS\System32\ucrtbase.dll
0x00007ffc995f0000 - 0x00007ffc99608000 	C:\Users\mateu\.jdks\corretto-21.0.11\bin\jli.dll
0x00007ffc969c0000 - 0x00007ffc969de000 	C:\Users\mateu\.jdks\corretto-21.0.11\bin\VCRUNTIME140.dll
0x00007ffcca5d0000 - 0x00007ffcca797000 	C:\WINDOWS\System32\USER32.dll
0x00007ffcc9600000 - 0x00007ffcc9627000 	C:\WINDOWS\System32\win32u.dll
0x00007ffcb9920000 - 0x00007ffcb9bb2000 	C:\WINDOWS\WinSxS\amd64_microsoft.windows.common-controls_6595b64144ccf1df_6.0.26100.8521_none_3e08b75ce33403b3\COMCTL32.dll
0x00007ffcca8f0000 - 0x00007ffcca91b000 	C:\WINDOWS\System32\GDI32.dll
0x00007ffcc9bd0000 - 0x00007ffcc9c79000 	C:\WINDOWS\System32\msvcrt.dll
0x00007ffcc8f80000 - 0x00007ffcc90ab000 	C:\WINDOWS\System32\gdi32full.dll
0x00007ffcc8ed0000 - 0x00007ffcc8f73000 	C:\WINDOWS\System32\msvcp_win.dll
0x00007ffcc96f0000 - 0x00007ffcc9722000 	C:\WINDOWS\System32\IMM32.DLL
0x00007ffca0e50000 - 0x00007ffca0e5c000 	C:\Users\mateu\.jdks\corretto-21.0.11\bin\vcruntime140_1.dll
0x00007ffc67be0000 - 0x00007ffc67c69000 	C:\Users\mateu\.jdks\corretto-21.0.11\bin\msvcp140.dll
0x00007ffbbc2b0000 - 0x00007ffbbd058000 	C:\Users\mateu\.jdks\corretto-21.0.11\bin\server\jvm.dll
0x00007ffcca830000 - 0x00007ffcca8e6000 	C:\WINDOWS\System32\ADVAPI32.dll
0x00007ffccb6b0000 - 0x00007ffccb75a000 	C:\WINDOWS\System32\sechost.dll
0x00007ffccb000000 - 0x00007ffccb118000 	C:\WINDOWS\System32\RPCRT4.dll
0x00007ffcca7a0000 - 0x00007ffcca820000 	C:\WINDOWS\System32\WS2_32.dll
0x00007ffcc8800000 - 0x00007ffcc885e000 	C:\WINDOWS\SYSTEM32\POWRPROF.dll
0x00007ffcc17a0000 - 0x00007ffcc17d6000 	C:\WINDOWS\SYSTEM32\WINMM.dll
0x00007ffcc17e0000 - 0x00007ffcc17eb000 	C:\WINDOWS\SYSTEM32\VERSION.dll
0x00007ffcc87e0000 - 0x00007ffcc87f4000 	C:\WINDOWS\SYSTEM32\UMPDC.dll
0x00007ffcc78e0000 - 0x00007ffcc78fb000 	C:\WINDOWS\SYSTEM32\kernel.appcore.dll
0x00007ffc9fa30000 - 0x00007ffc9fa3a000 	C:\Users\mateu\.jdks\corretto-21.0.11\bin\jimage.dll
0x00007ffcbe1a0000 - 0x00007ffcbe3e2000 	C:\WINDOWS\SYSTEM32\DBGHELP.DLL
0x00007ffccaa80000 - 0x00007ffccae03000 	C:\WINDOWS\System32\combase.dll
0x00007ffcc9af0000 - 0x00007ffcc9bc9000 	C:\WINDOWS\System32\OLEAUT32.dll
0x00007ffcb98e0000 - 0x00007ffcb991b000 	C:\WINDOWS\SYSTEM32\dbgcore.DLL
0x00007ffcc8e20000 - 0x00007ffcc8ec8000 	C:\WINDOWS\System32\bcryptPrimitives.dll
0x00007ffc8ee30000 - 0x00007ffc8ee40000 	C:\Users\mateu\.jdks\corretto-21.0.11\bin\instrument.dll
0x00007ffc681b0000 - 0x00007ffc681d1000 	C:\Users\mateu\.jdks\corretto-21.0.11\bin\java.dll
0x00007ffcc9e30000 - 0x00007ffcca5b4000 	C:\WINDOWS\System32\SHELL32.dll
0x00007ffcc66f0000 - 0x00007ffcc6f70000 	C:\WINDOWS\SYSTEM32\windows.storage.dll
0x00007ffccb120000 - 0x00007ffccb216000 	C:\WINDOWS\System32\SHCORE.dll
0x00007ffccb760000 - 0x00007ffccb7c7000 	C:\WINDOWS\System32\shlwapi.dll
0x00007ffcc8a70000 - 0x00007ffcc8a99000 	C:\WINDOWS\SYSTEM32\profapi.dll
0x00007ffc64cb0000 - 0x00007ffc64d87000 	C:\Users\mateu\.jdks\corretto-21.0.11\bin\jsvml.dll
0x00007ffc67fb0000 - 0x00007ffc67fc8000 	C:\Users\mateu\.jdks\corretto-21.0.11\bin\zip.dll
0x00007ffc91810000 - 0x00007ffc91821000 	C:\Users\mateu\.jdks\corretto-21.0.11\bin\net.dll
0x00007ffcc2ba0000 - 0x00007ffcc2cc9000 	C:\WINDOWS\SYSTEM32\WINHTTP.dll
0x00007ffcc7e50000 - 0x00007ffcc7ebc000 	C:\WINDOWS\system32\mswsock.dll
0x00007ffc68990000 - 0x00007ffc689a6000 	C:\Users\mateu\.jdks\corretto-21.0.11\bin\nio.dll
0x00007ffcc7350000 - 0x00007ffcc749a000 	C:\WINDOWS\SYSTEM32\DNSAPI.dll
0x00007ffcc7c70000 - 0x00007ffcc7c7d000 	C:\WINDOWS\SYSTEM32\DSPARSE.dll
0x00007ffcc72c0000 - 0x00007ffcc72f3000 	C:\WINDOWS\SYSTEM32\IPHLPAPI.DLL
0x00007ffcc9cd0000 - 0x00007ffcc9cda000 	C:\WINDOWS\System32\NSI.dll
0x00007ffc906f0000 - 0x00007ffc906f9000 	C:\Users\mateu\.jdks\corretto-21.0.11\bin\extnet.dll
0x00007ffcbf1c0000 - 0x00007ffcbf1cb000 	C:\Windows\System32\rasadhlp.dll
0x00007ffcc3310000 - 0x00007ffcc3396000 	C:\WINDOWS\System32\fwpuclnt.dll
0x00007ffc90690000 - 0x00007ffc9069a000 	C:\Users\mateu\.jdks\corretto-21.0.11\bin\management.dll
0x00007ffc8f800000 - 0x00007ffc8f80c000 	C:\Users\mateu\.jdks\corretto-21.0.11\bin\management_ext.dll
0x00007ffcca5c0000 - 0x00007ffcca5c8000 	C:\WINDOWS\System32\PSAPI.DLL
0x00007ffcc8130000 - 0x00007ffcc814b000 	C:\WINDOWS\SYSTEM32\CRYPTSP.dll
0x00007ffcc7840000 - 0x00007ffcc7879000 	C:\WINDOWS\system32\rsaenh.dll
0x00007ffcc7f00000 - 0x00007ffcc7f33000 	C:\WINDOWS\SYSTEM32\USERENV.dll
0x00007ffcc8a40000 - 0x00007ffcc8a6a000 	C:\WINDOWS\SYSTEM32\bcrypt.dll
0x00007ffcc8150000 - 0x00007ffcc815c000 	C:\WINDOWS\SYSTEM32\CRYPTBASE.dll
0x00007ffcb4030000 - 0x00007ffcb4048000 	C:\WINDOWS\system32\napinsp.dll
0x00007ffcb3ff0000 - 0x00007ffcb4003000 	C:\WINDOWS\System32\winrnr.dll
0x00007ffcb3d10000 - 0x00007ffcb3d32000 	C:\WINDOWS\system32\nlansp_c.dll
0x00007ffcb3fd0000 - 0x00007ffcb3fe6000 	C:\WINDOWS\system32\wshbth.dll
0x00007ffcb3800000 - 0x00007ffcb3858000 	C:\WINDOWS\SYSTEM32\pdh.dll
0x00007ffc91500000 - 0x00007ffc9150e000 	C:\Users\mateu\.jdks\corretto-21.0.11\bin\sunmscapi.dll
0x00007ffcc8c10000 - 0x00007ffcc8d88000 	C:\WINDOWS\System32\CRYPT32.dll
0x00007ffcc83c0000 - 0x00007ffcc83f0000 	C:\WINDOWS\SYSTEM32\ncrypt.dll
0x00007ffcc8370000 - 0x00007ffcc83af000 	C:\WINDOWS\SYSTEM32\NTASN1.dll
0x00007ffcc3c20000 - 0x00007ffcc3c32000 	C:\WINDOWS\System32\perfproc.dll
0x00007ffcabe40000 - 0x00007ffcabe48000 	C:\WINDOWS\system32\wshunix.dll

JVMTI agents:
C:\Users\mateu\AppData\Local\Programs\IntelliJ IDEA Community Edition\lib\idea_rt.jar path:C:\Users\mateu\.jdks\corretto-21.0.11\bin\instrument.dll, loaded, initialized, instrumentlib options:58621

dbghelp: loaded successfully - version: 4.0.5 - missing functions: none
symbol engine: initialized successfully - sym options: 0x614 - pdb path: .;C:\Users\mateu\.jdks\corretto-21.0.11\bin;C:\WINDOWS\SYSTEM32;C:\WINDOWS\WinSxS\amd64_microsoft.windows.common-controls_6595b64144ccf1df_6.0.26100.8521_none_3e08b75ce33403b3;C:\Users\mateu\.jdks\corretto-21.0.11\bin\server

VM Arguments:
jvm_args: -javaagent:C:\Users\mateu\AppData\Local\Programs\IntelliJ IDEA Community Edition\lib\idea_rt.jar=58621 -Dfile.encoding=UTF-8 -Dsun.stdout.encoding=UTF-8 -Dsun.stderr.encoding=UTF-8 
java_command: sptech.horticontrol.HorticontrolApplication
java_class_path (initial): C:\Users\mateu\OneDrive\Desktop\HortiControl\HortiControl_BackEnd\target\classes;C:\Users\mateu\.m2\repository\org\springframework\boot\spring-boot-starter-web\4.0.5\spring-boot-starter-web-4.0.5.jar;C:\Users\mateu\.m2\repository\org\springframework\boot\spring-boot-starter-jackson\4.0.5\spring-boot-starter-jackson-4.0.5.jar;C:\Users\mateu\.m2\repository\org\springframework\boot\spring-boot-jackson\4.0.5\spring-boot-jackson-4.0.5.jar;C:\Users\mateu\.m2\repository\tools\jackson\core\jackson-databind\3.1.0\jackson-databind-3.1.0.jar;C:\Users\mateu\.m2\repository\tools\jackson\core\jackson-core\3.1.0\jackson-core-3.1.0.jar;C:\Users\mateu\.m2\repository\org\springframework\boot\spring-boot-starter-tomcat\4.0.5\spring-boot-starter-tomcat-4.0.5.jar;C:\Users\mateu\.m2\repository\org\springframework\boot\spring-boot-starter-tomcat-runtime\4.0.5\spring-boot-starter-tomcat-runtime-4.0.5.jar;C:\Users\mateu\.m2\repository\org\apache\tomcat\embed\tomcat-embed-core\11.0.20\tomcat-embed-core-11.0.20.jar;C:\Users\mateu\.m2\repository\org\apache\tomcat\embed\tomcat-embed-websocket\11.0.20\tomcat-embed-websocket-11.0.20.jar;C:\Users\mateu\.m2\repository\org\springframework\boot\spring-boot-tomcat\4.0.5\spring-boot-tomcat-4.0.5.jar;C:\Users\mateu\.m2\repository\org\springframework\boot\spring-boot-http-converter\4.0.5\spring-boot-http-converter-4.0.5.jar;C:\Users\mateu\.m2\repository\org\springframework\boot\spring-boot\4.0.5\spring-boot-4.0.5.jar;C:\Users\mateu\.m2\repository\org\springframework\spring-web\7.0.6\spring-web-7.0.6.jar;C:\Users\mateu\.m2\repository\org\springframework\boot\spring-boot-webmvc\4.0.5\spring-boot-webmvc-4.0.5.jar;C:\Users\mateu\.m2\repository\org\springframework\boot\spring-boot-servlet\4.0.5\spring-boot-servlet-4.0.5.jar;C:\Users\mateu\.m2\repository\org\springframework\spring-webmvc\7.0.6\spring-webmvc-7.0.6.jar;C:\Users\mateu\.m2\repository\org\springframework\boot\spring-boot-starter-data-jpa\4.0.5\spring-boot-starter-data-jpa-4.0.5.jar;C:\Users\mateu\.m2\repository\org\springframework\boot\spring-boot-starter\4.0.5\spring-boot-starter-4.0.5.jar;C:\Users\mateu\.m2\repository\org\springframework\boot\spring-boot-starter-logging\4.0.5\spring-boot-starter-logging-4.0.5.jar;C:\Users\mateu\.m2\repository\ch\qos\logback\logback-classic\1.5.32\logback-classic-1.5.32.jar;C:\Users\mateu\.m2\repository\ch\qos\logback\logback-core\1.5.32\logback-core-1.5.32.jar;C:\Users\mateu\.m2\repository\org\apache\logging\log4j\log4j-to-slf4j\2.25.3\log4j-to-slf4j-2.25.3.jar;C:\Users\mateu\.m2\repository\org\apache\logging\log4j\log4j-api\2.25.3\log4j-api-2.25.3.jar;C:\Users\mateu\.m2\repository\org\slf4j\jul-to-slf4j\2.0.17\jul-to-slf4j-2.0.17.jar;C:\Users\mateu\.m2\repository\org\springframework\boot\spring-boot-autoconfigure\4.0.5\spring-boot-autoconfigure-4.0.5.jar;C:\Users\mateu\.m2\repository\jakarta\annotation\jakarta.annotation-api\3.0.0\jakarta.annotation-api-3.0.0.jar;C:\Users\mateu\.m2\repository\org\yaml\snakeyaml\2.5\snakeyaml-2.5.jar;C:\Users\mateu\.m2\repository\org\springframework\boot\spring-boot-starter-jdbc\4.0.5\spring-boot-starter-jdbc-4.0.5.jar;C:\Users\mateu\.m2\repository\com\zaxxer\HikariCP\7.0.2\HikariCP-7.0.2.jar;C:\Users\mateu\.m2\repository\org\springframework\boot\spring-boot-data-jpa\4.0.5\spring-boot-data-jpa-4.0.5.jar;C:\Users\mateu\.m2\repository\org\springframework\boot\spring-boot-data-commons\4.0.5\spring-boot-data-commons-4.0.5.jar;C:\Users\mateu\.m2\repository\org\springframework\boot\spring-boot-persistence\4.0.5\spring-boot-persistence-4.0.5.jar;C:\Users\mateu\.m2\repository\org\springframework\data\spring-data-commons\4.0.4\spring-data-commons-4.0.4.jar;C:\Users\mateu\.m2\repository\org\springframework\boot\spring-boot-hibernate\4.0.5\spring-boot-hibernate-4.0.5.jar;C:\Users\mateu\.m2\repository\org\springframework\boot\spring-boot-jpa\4.0.5\spring-boot-jpa-4.0.5.jar;C:\Users\mateu\.m2\repository\jakarta\persistence\jakarta.persistence-api\3.2.0\jakarta.persistence-api-3.2.0.jar;C:\Users\mateu\.m2\repository\org\hibernate\orm\hibernate-core\7.2.7.Final\hibernate-core-7.2.7.Final.jar;C:\Users\mateu\.m2\repository\jakarta\transaction\jakarta.transaction-api\2.0.1\jakarta.transaction-api-2.0.1.jar;C:\Users\mateu\.m2\repository\org\hibernate\models\hibernate-models\1.0.1\hibernate-models-1.0.1.jar;C:\Users\mateu\.m2\repository\org\glassfish\jaxb\jaxb-runtime\4.0.6\jaxb-runtime-4.0.6.jar;C:\Users\mateu\.m2\repository\org\glassfish\jaxb\jaxb-core\4.0.6\jaxb-core-4.0.6.jar;C:\Users\mateu\.m2\repository\org\eclipse\angus\angus-activation\2.0.3\angus-activation-2.0.3.jar;C:\Users\mateu\.m2\repository\org\glassfish\jaxb\txw2\4.0.6\txw2-4.0.6.jar;C:\Users\mateu\.m2\repository\com\sun\istack\istack-commons-runtime\4.1.2\istack-commons-runtime-4.1.2.jar;C:\Users\mateu\.m2\repository\jakarta\inject\jakarta.inject-api\2.0.1\jakarta.inject-api-2.0.1.jar;C:\Users\mateu\.m2\repository\org\springframework\spring-orm\7.0.6\spring-orm-7.0.6.jar;C:\Users\mateu\.m2\repository\org\springframework\data\spring-data-jpa\4.0.4\spring-data-jpa-4.0.4.jar;C:\Users\mateu\.m2\repository\org\springframework\spring-tx\7.0.6\spring-tx-7.0.6.jar;C:\Users\mateu\.m2\repository\org\antlr\antlr4-runtime\4.13.2\antlr4-runtime-4.13.2.jar;C:\Users\mateu\.m2\repository\org\springframework\spring-aspects\7.0.6\spring-aspects-7.0.6.jar;C:\Users\mateu\.m2\repository\org\aspectj\aspectjweaver\1.9.25.1\aspectjweaver-1.9.25.1.jar;C:\Users\mateu\.m2\repository\org\springframework\boot\spring-boot-jdbc\4.0.5\spring-boot-jdbc-4.0.5.jar;C:\Users\mateu\.m2\repository\org\springframework\boot\spring-boot-sql\4.0.5\spring-boot-sql-4.0.5.jar;C:\Users\mateu\.m2\repository\org\springframework\boot\spring-boot-transaction\4.0.5\spring-boot-transaction-4.0.5.jar;C:\Users\mateu\.m2\repository\org\springframework\spring-jdbc\7.0.6\spring-jdbc-7.0.6.jar;C:\Users\mateu\.m2\repository\org\springframework\boot\spring-boot-starter-security\4.0.5\spring-boot-starter-security-4.0.5.jar;C:\Users\mateu\.m2\repository\org\springframework\boot\spring-boot-security\4.0.5\spring-boot-security-4.0.5.jar;C:\Users\mateu\.m2\repository\org\springframework\security\spring-security-config\7.0.4\spring-security-config-7.0.4.jar;C:\Users\mateu\.m2\repository\org\springframework\spring-aop\7.0.6\spring-aop-7.0.6.jar;C:\Users\mateu\.m2\repository\org\springframework\spring-beans\7.0.6\spring-beans-7.0.6.jar;C:\Users\mateu\.m2\repository\io\jsonwebtoken\jjwt-api\0.12.6\jjwt-api-0.12.6.jar;C:\Users\mateu\.m2\repository\io\jsonwebtoken\jjwt-impl\0.12.6\jjwt-impl-0.12.6.jar;C:\Users\mateu\.m2\repository\io\jsonwebtoken\jjwt-jackson\0.12.6\jjwt-jackson-0.12.6.jar;C:\Users\mateu\.m2\repository\com\mysql\mysql-connector-j\9.6.0\mysql-connector-j-9.6.0.jar;C:\Users\mateu\.m2\repository\org\springframework\boot\spring-boot-starter-validation\4.0.5\spring-boot-starter-validation-4.0.5.jar;C:\Users\mateu\.m2\repository\org\springframework\boot\spring-boot-validation\4.0.5\spring-boot-validation-4.0.5.jar;C:\Users\mateu\.m2\repository\org\apache\tomcat\embed\tomcat-embed-el\11.0.20\tomcat-embed-el-11.0.20.jar;C:\Users\mateu\.m2\repository\org\hibernate\validator\hibernate-validator\9.0.1.Final\hibernate-validator-9.0.1.Final.jar;C:\Users\mateu\.m2\repository\jakarta\validation\jakarta.validation-api\3.1.1\jakarta.validation-api-3.1.1.jar;C:\Users\mateu\.m2\repository\org\jboss\logging\jboss-logging\3.6.3.Final\jboss-logging-3.6.3.Final.jar;C:\Users\mateu\.m2\repository\com\fasterxml\classmate\1.7.3\classmate-1.7.3.jar;C:\Users\mateu\.m2\repository\org\springdoc\springdoc-openapi-starter-webmvc-ui\3.0.2\springdoc-openapi-starter-webmvc-ui-3.0.2.jar;C:\Users\mateu\.m2\repository\org\springdoc\springdoc-openapi-starter-webmvc-api\3.0.2\springdoc-openapi-starter-webmvc-api-3.0.2.jar;C:\Users\mateu\.m2\repository\org\springdoc\springdoc-openapi-starter-common\3.0.2\springdoc-openapi-starter-common-3.0.2.jar;C:\Users\mateu\.m2\repository\io\swagger\core\v3\swagger-core-jakarta\2.2.43\swagger-core-jakarta-2.2.43.jar;C:\Users\mateu\.m2\repository\org\apache\commons\commons-lang3\3.19.0\commons-lang3-3.19.0.jar;C:\Users\mateu\.m2\repository\io\swagger\core\v3\swagger-annotations-jakarta\2.2.43\swagger-annotations-jakarta-2.2.43.jar;C:\Users\mateu\.m2\repository\io\swagger\core\v3\swagger-models-jakarta\2.2.43\swagger-models-jakarta-2.2.43.jar;C:\Users\mateu\.m2\repository\com\fasterxml\jackson\dataformat\jackson-dataformat-yaml\2.21.2\jackson-dataformat-yaml-2.21.2.jar;C:\Users\mateu\.m2\repository\com\fasterxml\jackson\datatype\jackson-datatype-jsr310\2.21.2\jackson-datatype-jsr310-2.21.2.jar;C:\Users\mateu\.m2\repository\org\springframework\boot\spring-boot-web-server\4.0.5\spring-boot-web-server-4.0.5.jar;C:\Users\mateu\.m2\repository\org\webjars\swagger-ui\5.32.0\swagger-ui-5.32.0.jar;C:\Users\mateu\.m2\repository\org\webjars\webjars-locator-lite\1.1.3\webjars-locator-lite-1.1.3.jar;C:\Users\mateu\.m2\repository\org\jspecify\jspecify\1.0.0\jspecify-1.0.0.jar;C:\Users\mateu\.m2\repository\org\springframework\boot\spring-boot-starter-actuator\4.0.5\spring-boot-starter-actuator-4.0.5.jar;C:\Users\mateu\.m2\repository\org\springframework\boot\spring-boot-starter-micrometer-metrics\4.0.5\spring-boot-starter-micrometer-metrics-4.0.5.jar;C:\Users\mateu\.m2\repository\org\springframework\boot\spring-boot-micrometer-metrics\4.0.5\spring-boot-micrometer-metrics-4.0.5.jar;C:\Users\mateu\.m2\repository\org\springframework\boot\spring-boot-micrometer-observation\4.0.5\spring-boot-micrometer-observation-4.0.5.jar;C:\Users\mateu\.m2\repository\org\springframework\boot\spring-boot-actuator-autoconfigure\4.0.5\spring-boot-actuator-autoconfigure-4.0.5.jar;C:\Users\mateu\.m2\repository\org\springframework\boot\spring-boot-actuator\4.0.5\spring-boot-actuator-4.0.5.jar;C:\Users\mateu\.m2\repository\org\springframework\boot\spring-boot-health\4.0.5\spring-boot-health-4.0.5.jar;C:\Users\mateu\.m2\repository\io\micrometer\micrometer-observation\1.16.4\micrometer-observation-1.16.4.jar;C:\Users\mateu\.m2\repository\io\micrometer\micrometer-commons\1.16.4\micrometer-commons-1.16.4.jar;C:\Users\mateu\.m2\repository\io\micrometer\micrometer-jakarta9\1.16.4\micrometer-jakarta9-1.16.4.jar;C:\Users\mateu\.m2\repository\io\micrometer\micrometer-core\1.16.4\micrometer-core-1.16.4.jar;C:\Users\mateu\.m2\repository\org\hdrhistogram\HdrHistogram\2.2.2\HdrHistogram-2.2.2.jar;C:\Users\mateu\.m2\repository\org\latencyutils\LatencyUtils\2.0.3\LatencyUtils-2.0.3.jar;C:\Users\mateu\.m2\repository\org\slf4j\slf4j-api\2.0.17\slf4j-api-2.0.17.jar;C:\Users\mateu\.m2\repository\jakarta\xml\bind\jakarta.xml.bind-api\4.0.4\jakarta.xml.bind-api-4.0.4.jar;C:\Users\mateu\.m2\repository\jakarta\activation\jakarta.activation-api\2.1.4\jakarta.activation-api-2.1.4.jar;C:\Users\mateu\.m2\repository\net\bytebuddy\byte-buddy\1.17.8\byte-buddy-1.17.8.jar;C:\Users\mateu\.m2\repository\org\springframework\spring-core\7.0.6\spring-core-7.0.6.jar;C:\Users\mateu\.m2\repository\commons-logging\commons-logging\1.3.6\commons-logging-1.3.6.jar;C:\Users\mateu\.m2\repository\org\springframework\security\spring-security-core\7.0.4\spring-security-core-7.0.4.jar;C:\Users\mateu\.m2\repository\org\springframework\security\spring-security-crypto\7.0.4\spring-security-crypto-7.0.4.jar;C:\Users\mateu\.m2\repository\org\springframework\spring-context\7.0.6\spring-context-7.0.6.jar;C:\Users\mateu\.m2\repository\org\springframework\spring-expression\7.0.6\spring-expression-7.0.6.jar;C:\Users\mateu\.m2\repository\org\springframework\security\spring-security-web\7.0.4\spring-security-web-7.0.4.jar;C:\Users\mateu\.m2\repository\com\fasterxml\jackson\core\jackson-databind\2.21.2\jackson-databind-2.21.2.jar;C:\Users\mateu\.m2\repository\com\fasterxml\jackson\core\jackson-annotations\2.21\jackson-annotations-2.21.jar;C:\Users\mateu\.m2\repository\com\fasterxml\jackson\core\jackson-core\2.21.2\jackson-core-2.21.2.jar
Launcher Type: SUN_STANDARD

[Global flags]
     intx CICompilerCount                          = 12                                        {product} {ergonomic}
     uint ConcGCThreads                            = 3                                         {product} {ergonomic}
     uint G1ConcRefinementThreads                  = 13                                        {product} {ergonomic}
   size_t G1HeapRegionSize                         = 1048576                                   {product} {ergonomic}
    uintx GCDrainStackTargetSize                   = 64                                        {product} {ergonomic}
   size_t InitialHeapSize                          = 125829120                                 {product} {ergonomic}
   size_t MarkStackSize                            = 4194304                                   {product} {ergonomic}
   size_t MaxHeapSize                              = 1992294400                                {product} {ergonomic}
   size_t MaxNewSize                               = 1195376640                                {product} {ergonomic}
   size_t MinHeapDeltaBytes                        = 1048576                                   {product} {ergonomic}
   size_t MinHeapSize                              = 8388608                                   {product} {ergonomic}
    uintx NonNMethodCodeHeapSize                   = 7602480                                {pd product} {ergonomic}
    uintx NonProfiledCodeHeapSize                  = 122027880                              {pd product} {ergonomic}
    uintx ProfiledCodeHeapSize                     = 122027880                              {pd product} {ergonomic}
    uintx ReservedCodeCacheSize                    = 251658240                              {pd product} {ergonomic}
     bool SegmentedCodeCache                       = true                                      {product} {ergonomic}
   size_t SoftMaxHeapSize                          = 1992294400                             {manageable} {ergonomic}
     bool UseCompressedOops                        = true                           {product lp64_product} {ergonomic}
     bool UseG1GC                                  = true                                      {product} {ergonomic}
     bool UseLargePagesIndividualAllocation        = false                                  {pd product} {ergonomic}

Logging:
Log output configuration:
 #0: stdout all=warning uptime,level,tags foldmultilines=false
 #1: stderr all=off uptime,level,tags foldmultilines=false

Release file:
IMPLEMENTOR="Amazon.com Inc." 
IMPLEMENTOR_VERSION="Corretto-21.0.11.10.1" 
JAVA_RUNTIME_VERSION="21.0.11+10-LTS" 
JAVA_VERSION="21.0.11" 
JAVA_VERSION_DATE="2026-04-21" 
LIBC="default" 
MODULES="java.base java.compiler java.datatransfer java.xml java.prefs java.desktop java.instrument java.logging java.management java.security.sasl java.naming java.rmi java.management.rmi java.net.http java.scripting java.security.jgss java.transaction.xa java.sql java.sql.rowset java.xml.crypto java.se java.smartcardio jdk.accessibility jdk.internal.jvmstat jdk.attach jdk.charsets jdk.internal.opt jdk.zipfs jdk.compiler jdk.crypto.ec jdk.crypto.cryptoki jdk.crypto.mscapi jdk.dynalink jdk.internal.ed jdk.editpad jdk.hotspot.agent jdk.httpserver jdk.incubator.vector jdk.internal.le jdk.internal.vm.ci jdk.internal.vm.compiler jdk.internal.vm.compiler.management jdk.jartool jdk.javadoc jdk.jcmd jdk.management jdk.management.agent jdk.jconsole jdk.jdeps jdk.jdwp.agent jdk.jdi jdk.jfr jdk.jlink jdk.jpackage jdk.jshell jdk.jsobject jdk.jstatd jdk.localedata jdk.management.jfr jdk.naming.dns jdk.naming.rmi jdk.net jdk.nio.mapmode jdk.random jdk.sctp jdk.security.auth jdk.security.jgss jdk.unsupported jdk.unsupported.desktop jdk.xml.dom" 
OS_ARCH="x86_64" 
OS_NAME="Windows" 
SOURCE="" 

Environment Variables:
JAVA_HOME=C:\Program Files\Eclipse Adoptium\jre-21.0.9.10-hotspot\
PATH=C:\Program Files\Eclipse Adoptium\jre-21.0.9.10-hotspot\bin;C:\Program Files\Eclipse Adoptium\jdk-21.0.9.10-hotspot\bin;C:\WINDOWS\system32;C:\WINDOWS;C:\WINDOWS\System32\Wbem;C:\WINDOWS\System32\WindowsPowerShell\v1.0\;C:\WINDOWS\System32\OpenSSH\;C:\Program Files\Git\cmd;C:\Program Files\nodejs\;C:\Users\mateu\AppData\Local\Microsoft\WindowsApps;C:\Users\mateu\AppData\Local\Programs\Microsoft VS Code\bin;C:\Users\mateu\AppData\Local\JetBrains\Toolbox\scripts;C:\Users\mateu\AppData\Roaming\npm;C:\Users\mateu\AppData\Local\Python\bin
USERNAME=mateu
OS=Windows_NT
PROCESSOR_IDENTIFIER=AMD64 Family 23 Model 96 Stepping 1, AuthenticAMD
TMP=C:\Users\mateu\AppData\Local\Temp
TEMP=C:\Users\mateu\AppData\Local\Temp




Periodic native trim disabled

---------------  S Y S T E M  ---------------

OS:
 Windows 11 , 64 bit Build 26100 (10.0.26100.8521)
OS uptime: 5 days 0:58 hours
Hyper-V role detected

CPU: total 16 (initial active 16) (16 cores per cpu, 2 threads per core) family 23 model 96 stepping 1 microcode 0x8600109, cx8, cmov, fxsr, ht, mmx, 3dnowpref, sse, sse2, sse3, ssse3, sse4a, sse4.1, sse4.2, popcnt, lzcnt, tsc, tscinvbit, avx, avx2, aes, clmul, bmi1, bmi2, adx, sha, fma, vzeroupper, clflush, clflushopt, hv, rdtscp, rdpid, f16c
Processor Information for the first 16 processors :
  Max Mhz: 2901, Current Mhz: 2901, Mhz Limit: 2901

Memory: 4k page, system-wide physical 7596M (440M free)
TotalPageFile size 31148M (AvailPageFile size 2M)
current process WorkingSet (physical memory assigned to process): 42M, peak: 342M
current process commit charge ("private bytes"): 389M, peak: 401M

vm_info: OpenJDK 64-Bit Server VM (21.0.11+10-LTS) for windows-amd64 JRE (21.0.11+10-LTS), built on 2026-04-18T07:30:30Z by "Administrator" with MS VC++ 17.14 (VS2022)

END.
